
> web@0.1.0 build
> next build

Ôû▓ Next.js 16.1.6 (Turbopack)
- Environments: .env.local

node.exe : ÔÜá The "middleware" file convention is 
deprecated. Please use "proxy" instead. Learn more: 
https://nextjs.org/docs/messages/middleware-to-proxy
No linha:1 caractere:1
+ & "C:\Program Files\nodejs/node.exe" "C:\Program 
Files\nodejs/node_mo ...
+ ~~~~~~~~~~~~~~~~~~~~~~~~~~~~~~~~~~~~~~~~~~~~~~~~~~~~~~
~~~~~~~~~~~~~~~
    + CategoryInfo          : NotSpecified: (ÔÜá The "m 
   iddle...leware-to-proxy:String) [], RemoteException
    + FullyQualifiedErrorId : NativeCommandError
 
  Creating an optimized production build ...
Ô£ô Compiled successfully in 15.2s
  Running TypeScript ...
  Collecting page data using 11 workers ...
  Generating static pages using 11 workers (0/35) ...
  Generating static pages using 11 workers (8/35) 
  Generating static pages using 11 workers (17/35) 
  Generating static pages using 11 workers (26/35) 
Ô£ô Generating static pages using 11 workers (35/35) in 706.0ms
  Finalizing page optimization ...

Route (app)
Ôöî Ôùï /
Ôö£ Ôùï /_not-found
Ôö£ ãÆ /admin
Ôö£ ãÆ /admin/companies/[id]
Ôö£ ãÆ /api/ai-concierge
Ôö£ ãÆ /api/approvals
Ôö£ ãÆ /api/audit-logs
Ôö£ ãÆ /api/compliance/aej
Ôö£ ãÆ /api/compliance/afd
Ôö£ ãÆ /api/compliance/receipt/[id]
Ôö£ ãÆ /api/dashboard/insights
Ôö£ ãÆ /api/dashboard/stats
Ôö£ ãÆ /api/dashboard/weekly-hours
Ôö£ ãÆ /api/debug/connection
Ôö£ ãÆ /api/employees
Ôö£ ãÆ /api/locations
Ôö£ ãÆ /api/manager/approve
Ôö£ ãÆ /api/manager/events
Ôö£ ãÆ /api/manager/justifications
Ôö£ ãÆ /api/notifications
Ôö£ ãÆ /api/notifications/register-device
Ôö£ ãÆ /api/onboarding/process
Ôö£ ãÆ /api/points
Ôö£ ãÆ /api/reports
Ôö£ ãÆ /api/reports/aej
Ôö£ ãÆ /api/reports/afd
Ôö£ ãÆ /api/setup/holidays
Ôö£ ãÆ /api/shifts
Ôö£ Ôùï /dashboard
Ôö£ Ôùï /dashboard/approvals
Ôö£ Ôùï /dashboard/audit
Ôö£ Ôùï /dashboard/chat
Ôö£ Ôùï /dashboard/concierge
Ôö£ Ôùï /dashboard/employees
Ôö£ Ôùï /dashboard/feed
Ôö£ Ôùï /dashboard/map
Ôö£ Ôùï /dashboard/reports
Ôö£ Ôùï /dashboard/settings
Ôö£ Ôùï /dashboard/settings/shifts
Ôö£ Ôùï /login
Ôöö Ôùï /mobile-qr


ãÆ Proxy (Middleware)

Ôùï  (Static)   prerendered as static content
ãÆ  (Dynamic)  server-rendered on demand

